Mar 16 15:25:16 localhost kernel: [6974988.228194] init: vsftpd main process (597) killed by TERM signal
Mar 16 15:25:16 localhost kernel: [6974988.228985] init: tty4 main process (629) killed by TERM signal
Mar 16 15:25:16 localhost kernel: [6974988.229578] init: tty5 main process (631) killed by TERM signal
Mar 16 15:25:16 localhost kernel: [6974988.230060] init: tty2 main process (637) killed by TERM signal
Mar 16 15:25:16 localhost kernel: [6974988.230560] init: tty3 main process (638) killed by TERM signal
Mar 16 15:25:16 localhost kernel: [6974988.231053] init: tty6 main process (641) killed by TERM signal
Mar 16 15:25:16 localhost kernel: [6974988.233220] init: cron main process (652) killed by TERM signal
Mar 16 15:25:16 localhost kernel: [6974988.235409] init: tty1 main process (834) killed by TERM signal
Mar 16 15:25:17 localhost kernel: [6974988.250113] init: plymouth-upstart-bridge main process (7343) terminated with status 1
Mar 16 15:25:17 localhost kernel: Kernel logging (proc) stopped.
Mar 16 15:25:35 localhost kernel: imklog 5.8.6, log source = /proc/kmsg started.
Mar 16 15:25:35 localhost kernel: [    0.000000] Initializing cgroup subsys cpuset
Mar 16 15:25:35 localhost kernel: [    0.000000] Initializing cgroup subsys cpu
Mar 16 15:25:35 localhost kernel: [    0.000000] Linux version 3.2.0-24-virtual (buildd@vernadsky) (gcc version 4.6.3 (Ubuntu/Linaro 4.6.3-1ubuntu5) ) #37-Ubuntu SMP Wed Apr 25 12:51:49 UTC 2012 (Ubuntu 3.2.0-24.37-virtual 3.2.14)
Mar 16 15:25:35 localhost kernel: [    0.000000] KERNEL supported cpus:
Mar 16 15:25:35 localhost kernel: [    0.000000]   Intel GenuineIntel
Mar 16 15:25:35 localhost kernel: [    0.000000]   AMD AuthenticAMD
Mar 16 15:25:35 localhost kernel: [    0.000000]   NSC Geode by NSC
Mar 16 15:25:35 localhost kernel: [    0.000000]   Cyrix CyrixInstead
Mar 16 15:25:35 localhost kernel: [    0.000000]   Centaur CentaurHauls
Mar 16 15:25:35 localhost kernel: [    0.000000]   Transmeta GenuineTMx86
Mar 16 15:25:35 localhost kernel: [    0.000000]   Transmeta TransmetaCPU
Mar 16 15:25:35 localhost kernel: [    0.000000]   UMC UMC UMC UMC
Mar 16 15:25:35 localhost kernel: [    0.000000] BIOS-provided physical RAM map:
Mar 16 15:25:35 localhost kernel: [    0.000000]  BIOS-e820: 0000000000000000 - 000000000009dc00 (usable)
Mar 16 15:25:35 localhost kernel: [    0.000000]  BIOS-e820: 000000000009dc00 - 00000000000a0000 (reserved)
Mar 16 15:25:35 localhost kernel: [    0.000000]  BIOS-e820: 00000000000f0000 - 0000000000100000 (reserved)
Mar 16 15:25:35 localhost kernel: [    0.000000]  BIOS-e820: 0000000000100000 - 000000001fffd000 (usable)
Mar 16 15:25:35 localhost kernel: [    0.000000]  BIOS-e820: 000000001fffd000 - 0000000020000000 (reserved)
Mar 16 15:25:35 localhost kernel: [    0.000000]  BIOS-e820: 00000000feffc000 - 00000000ff000000 (reserved)
Mar 16 15:25:35 localhost kernel: [    0.000000]  BIOS-e820: 00000000fffc0000 - 0000000100000000 (reserved)
Mar 16 15:25:35 localhost kernel: [    0.000000] NX (Execute Disable) protection: active
Mar 16 15:25:35 localhost kernel: [    0.000000] DMI 2.4 present.
Mar 16 15:25:35 localhost kernel: [    0.000000] DMI: Bochs Bochs, BIOS Bochs 01/01/2007
Mar 16 15:25:35 localhost kernel: [    0.000000] e820 update range: 0000000000000000 - 0000000000010000 (usable) ==> (reserved)
Mar 16 15:25:35 localhost kernel: [    0.000000] e820 remove range: 00000000000a0000 - 0000000000100000 (usable)
Mar 16 15:25:35 localhost kernel: [    0.000000] last_pfn = 0x1fffd max_arch_pfn = 0x1000000
Mar 16 15:25:35 localhost kernel: [    0.000000] MTRR default type: write-back
Mar 16 15:25:35 localhost kernel: [    0.000000] MTRR fixed ranges enabled:
Mar 16 15:25:35 localhost kernel: [    0.000000]   00000-9FFFF write-back
Mar 16 15:25:35 localhost kernel: [    0.000000]   A0000-BFFFF uncachable
Mar 16 15:25:35 localhost kernel: [    0.000000]   C0000-FFFFF write-protect
Mar 16 15:25:35 localhost kernel: [    0.000000] MTRR variable ranges enabled:
Mar 16 15:25:35 localhost kernel: [    0.000000]   0 base 00E0000000 mask FFE0000000 uncachable
Mar 16 15:25:35 localhost kernel: [    0.000000]   1 disabled
Mar 16 15:25:35 localhost kernel: [    0.000000]   2 disabled
Mar 16 15:25:35 localhost kernel: [    0.000000]   3 disabled
Mar 16 15:25:35 localhost kernel: [    0.000000]   4 disabled
Mar 16 15:25:35 localhost kernel: [    0.000000]   5 disabled
Mar 16 15:25:35 localhost kernel: [    0.000000]   6 disabled
Mar 16 15:25:35 localhost kernel: [    0.000000]   7 disabled
Mar 16 15:25:35 localhost kernel: [    0.000000] PAT not supported by CPU.
Mar 16 15:25:35 localhost kernel: [    0.000000] found SMP MP-table at [c00fdaf0] fdaf0
Mar 16 15:25:35 localhost kernel: [    0.000000] initial memory mapped : 0 - 01000000
Mar 16 15:25:35 localhost kernel: [    0.000000] Base memory trampoline at [c0099000] 99000 size 16384
Mar 16 15:25:35 localhost kernel: [    0.000000] init_memory_mapping: 0000000000000000-000000001fffd000
Mar 16 15:25:35 localhost kernel: [    0.000000]  0000000000 - 0000200000 page 4k
Mar 16 15:25:35 localhost kernel: [    0.000000]  0000200000 - 001fe00000 page 2M
Mar 16 15:25:35 localhost kernel: [    0.000000]  001fe00000 - 001fffd000 page 4k
Mar 16 15:25:35 localhost kernel: [    0.000000] kernel direct mapping tables up to 1fffd000 @ ffb000-1000000
Mar 16 15:25:35 localhost kernel: [    0.000000] RAMDISK: 1fb37000 - 1fff0000
Mar 16 15:25:35 localhost kernel: [    0.000000] ACPI: RSDP 000fd990 00014 (v00 BOCHS )
Mar 16 15:25:35 localhost kernel: [    0.000000] ACPI: RSDT 1fffd7b0 00034 (v01 BOCHS  BXPCRSDT 00000001 BXPC 00000001)
Mar 16 15:25:35 localhost kernel: [    0.000000] ACPI: FACP 1fffff80 00074 (v01 BOCHS  BXPCFACP 00000001 BXPC 00000001)
Mar 16 15:25:35 localhost kernel: [    0.000000] ACPI: DSDT 1fffd9b0 02589 (v01   BXPC   BXDSDT 00000001 INTL 20100528)
Mar 16 15:25:35 localhost kernel: [    0.000000] ACPI: FACS 1fffff40 00040
Mar 16 15:25:35 localhost kernel: [    0.000000] ACPI: SSDT 1fffd910 0009E (v01 BOCHS  BXPCSSDT 00000001 BXPC 00000001)
Mar 16 15:25:35 localhost kernel: [    0.000000] ACPI: APIC 1fffd830 00072 (v01 BOCHS  BXPCAPIC 00000001 BXPC 00000001)
Mar 16 15:25:35 localhost kernel: [    0.000000] ACPI: HPET 1fffd7f0 00038 (v01 BOCHS  BXPCHPET 00000001 BXPC 00000001)
Mar 16 15:25:35 localhost kernel: [    0.000000] ACPI: Local APIC address 0xfee00000
Mar 16 15:25:35 localhost kernel: [    0.000000] 0MB HIGHMEM available.
Mar 16 15:25:35 localhost kernel: [    0.000000] 511MB LOWMEM available.
Mar 16 15:25:35 localhost kernel: [    0.000000]   mapped low ram: 0 - 1fffd000
Mar 16 15:25:35 localhost kernel: [    0.000000]   low ram: 0 - 1fffd000
Mar 16 15:25:35 localhost kernel: [    0.000000] kvm-clock: Using msrs 4b564d01 and 4b564d00
Mar 16 15:25:35 localhost kernel: [    0.000000] kvm-clock: cpu 0, msr 0:a2dd81, boot clock
Mar 16 15:25:35 localhost kernel: [    0.000000] Zone PFN ranges:
Mar 16 15:25:35 localhost kernel: [    0.000000]   DMA      0x00000010 -> 0x00001000
Mar 16 15:25:35 localhost kernel: [    0.000000]   Normal   0x00001000 -> 0x0001fffd
Mar 16 15:25:35 localhost kernel: [    0.000000]   HighMem  empty
Mar 16 15:25:35 localhost kernel: [    0.000000] Movable zone start PFN for each node
Mar 16 15:25:35 localhost kernel: [    0.000000] early_node_map[2] active PFN ranges
Mar 16 15:25:35 localhost kernel: [    0.000000]     0: 0x00000010 -> 0x0000009d
Mar 16 15:25:35 localhost kernel: [    0.000000]     0: 0x00000100 -> 0x0001fffd
Mar 16 15:25:35 localhost kernel: [    0.000000] On node 0 totalpages: 130954
Mar 16 15:25:35 localhost kernel: [    0.000000] free_area_init_node: node 0, pgdat c0968bc0, node_mem_map df737200
Mar 16 15:25:35 localhost kernel: [    0.000000]   DMA zone: 32 pages used for memmap
Mar 16 15:25:35 localhost kernel: [    0.000000]   DMA zone: 0 pages reserved
Mar 16 15:25:35 localhost kernel: [    0.000000]   DMA zone: 3949 pages, LIFO batch:0
Mar 16 15:25:35 localhost kernel: [    0.000000]   Normal zone: 992 pages used for memmap
Mar 16 15:25:35 localhost kernel: [    0.000000]   Normal zone: 125981 pages, LIFO batch:31
Mar 16 15:25:35 localhost kernel: [    0.000000] Using APIC driver default
Mar 16 15:25:35 localhost kernel: [    0.000000] ACPI: PM-Timer IO Port: 0xb008
Mar 16 15:25:35 localhost kernel: [    0.000000] ACPI: Local APIC address 0xfee00000
Mar 16 15:25:35 localhost kernel: [    0.000000] ACPI: LAPIC (acpi_id[0x00] lapic_id[0x00] enabled)
Mar 16 15:25:35 localhost kernel: [    0.000000] ACPI: IOAPIC (id[0x01] address[0xfec00000] gsi_base[0])
Mar 16 15:25:35 localhost kernel: [    0.000000] IOAPIC[0]: apic_id 1, version 17, address 0xfec00000, GSI 0-23
Mar 16 15:25:35 localhost kernel: [    0.000000] ACPI: INT_SRC_OVR (bus 0 bus_irq 0 global_irq 2 dfl dfl)
Mar 16 15:25:35 localhost kernel: [    0.000000] ACPI: INT_SRC_OVR (bus 0 bus_irq 5 global_irq 5 high level)
Mar 16 15:25:35 localhost kernel: [    0.000000] ACPI: INT_SRC_OVR (bus 0 bus_irq 9 global_irq 9 high level)
Mar 16 15:25:35 localhost kernel: [    0.000000] ACPI: INT_SRC_OVR (bus 0 bus_irq 10 global_irq 10 high level)
Mar 16 15:25:35 localhost kernel: [    0.000000] ACPI: INT_SRC_OVR (bus 0 bus_irq 11 global_irq 11 high level)
Mar 16 15:25:35 localhost kernel: [    0.000000] ACPI: IRQ0 used by override.
Mar 16 15:25:35 localhost kernel: [    0.000000] ACPI: IRQ2 used by override.
Mar 16 15:25:35 localhost kernel: [    0.000000] ACPI: IRQ5 used by override.
Mar 16 15:25:35 localhost kernel: [    0.000000] ACPI: IRQ9 used by override.
Mar 16 15:25:35 localhost kernel: [    0.000000] ACPI: IRQ10 used by override.
Mar 16 15:25:35 localhost kernel: [    0.000000] ACPI: IRQ11 used by override.
Mar 16 15:25:35 localhost kernel: [    0.000000] Using ACPI (MADT) for SMP configuration information
Mar 16 15:25:35 localhost kernel: [    0.000000] ACPI: HPET id: 0x8086a201 base: 0xfed00000
Mar 16 15:25:35 localhost kernel: [    0.000000] SMP: Allowing 1 CPUs, 0 hotplug CPUs
Mar 16 15:25:35 localhost kernel: [    0.000000] nr_irqs_gsi: 40
Mar 16 15:25:35 localhost kernel: [    0.000000] PM: Registered nosave memory: 000000000009d000 - 000000000009e000
Mar 16 15:25:35 localhost kernel: [    0.000000] PM: Registered nosave memory: 000000000009e000 - 00000000000a0000
Mar 16 15:25:35 localhost kernel: [    0.000000] PM: Registered nosave memory: 00000000000a0000 - 00000000000f0000
Mar 16 15:25:35 localhost kernel: [    0.000000] PM: Registered nosave memory: 00000000000f0000 - 0000000000100000
Mar 16 15:25:35 localhost kernel: [    0.000000] Allocating PCI resources starting at 20000000 (gap: 20000000:deffc000)
Mar 16 15:25:35 localhost kernel: [    0.000000] Booting paravirtualized kernel on KVM
Mar 16 15:25:35 localhost kernel: [    0.000000] setup_percpu: NR_CPUS:8 nr_cpumask_bits:8 nr_cpu_ids:1 nr_node_ids:1
Mar 16 15:25:35 localhost kernel: [    0.000000] PERCPU: Embedded 14 pages/cpu @df400000 s34240 r0 d23104 u2097152
Mar 16 15:25:35 localhost kernel: [    0.000000] pcpu-alloc: s34240 r0 d23104 u2097152 alloc=1*2097152
Mar 16 15:25:35 localhost kernel: [    0.000000] pcpu-alloc: [0] 0 
Mar 16 15:25:35 localhost kernel: [    0.000000] kvm-clock: cpu 0, msr 0:1f407d81, primary cpu clock
Mar 16 15:25:35 localhost kernel: [    0.000000] KVM setup async PF for cpu 0
Mar 16 15:25:35 localhost kernel: [    0.000000] kvm-stealtime: cpu 0, msr 1f403180
Mar 16 15:25:35 localhost kernel: [    0.000000] Built 1 zonelists in Zone order, mobility grouping on.  Total pages: 129930
Mar 16 15:25:35 localhost kernel: [    0.000000] Kernel command line: root=LABEL=DOROOT ro
Mar 16 15:25:35 localhost kernel: [    0.000000] PID hash table entries: 2048 (order: 1, 8192 bytes)
Mar 16 15:25:35 localhost kernel: [    0.000000] Dentry cache hash table entries: 65536 (order: 6, 262144 bytes)
Mar 16 15:25:35 localhost kernel: [    0.000000] Inode-cache hash table entries: 32768 (order: 5, 131072 bytes)
Mar 16 15:25:35 localhost kernel: [    0.000000] Initializing CPU#0
Mar 16 15:25:35 localhost kernel: [    0.000000] allocated 2096848 bytes of page_cgroup
Mar 16 15:25:35 localhost kernel: [    0.000000] please try 'cgroup_disable=memory' option if you don't want memory cgroups
Mar 16 15:25:35 localhost kernel: [    0.000000] Initializing HighMem for node 0 (00000000:00000000)
Mar 16 15:25:35 localhost kernel: [    0.000000] Memory: 502024k/524276k available (5823k kernel code, 21792k reserved, 2841k data, 736k init, 0k highmem)
Mar 16 15:25:35 localhost kernel: [    0.000000] virtual kernel memory layout:
Mar 16 15:25:35 localhost kernel: [    0.000000]     fixmap  : 0xfff16000 - 0xfffff000   ( 932 kB)
Mar 16 15:25:35 localhost kernel: [    0.000000]     pkmap   : 0xffc00000 - 0xffe00000   (2048 kB)
Mar 16 15:25:35 localhost kernel: [    0.000000]     vmalloc : 0xe07fd000 - 0xffbfe000   ( 500 MB)
Mar 16 15:25:35 localhost kernel: [    0.000000]     lowmem  : 0xc0000000 - 0xdfffd000   ( 511 MB)
Mar 16 15:25:35 localhost kernel: [    0.000000]       .init : 0xc0977000 - 0xc0a2f000   ( 736 kB)
Mar 16 15:25:35 localhost kernel: [    0.000000]       .data : 0xc06afe7c - 0xc0976440   (2841 kB)
Mar 16 15:25:35 localhost kernel: [    0.000000]       .text : 0xc0100000 - 0xc06afe7c   (5823 kB)
Mar 16 15:25:35 localhost kernel: [    0.000000] Checking if this processor honours the WP bit even in supervisor mode...Ok.
Mar 16 15:25:35 localhost kernel: [    0.000000] SLUB: Genslabs=15, HWalign=64, Order=0-3, MinObjects=0, CPUs=1, Nodes=1
Mar 16 15:25:35 localhost kernel: [    0.000000] Hierarchical RCU implementation.
Mar 16 15:25:35 localhost kernel: [    0.000000] 	RCU dyntick-idle grace-period acceleration is enabled.
Mar 16 15:25:35 localhost kernel: [    0.000000] NR_IRQS:2304 nr_irqs:256 16
Mar 16 15:25:35 localhost kernel: [    0.000000] CPU 0 irqstacks, hard=df008000 soft=df00a000
Mar 16 15:25:35 localhost kernel: [    0.000000] Console: colour VGA+ 80x25
Mar 16 15:25:35 localhost kernel: [    0.000000] console [tty0] enabled
Mar 16 15:25:35 localhost kernel: [    0.000000] hpet clockevent registered
Mar 16 15:25:35 localhost kernel: [    0.000000] Detected 2299.998 MHz processor.
Mar 16 15:25:35 localhost kernel: [    0.008000] Calibrating delay loop (skipped) preset value.. 4599.99 BogoMIPS (lpj=9199992)
Mar 16 15:25:35 localhost kernel: [    0.008000] pid_max: default: 32768 minimum: 301
Mar 16 15:25:35 localhost kernel: [    0.008000] Security Framework initialized
Mar 16 15:25:35 localhost kernel: [    0.008000] AppArmor: AppArmor initialized
Mar 16 15:25:35 localhost kernel: [    0.008000] Yama: becoming mindful.
Mar 16 15:25:35 localhost kernel: [    0.008000] Mount-cache hash table entries: 512
Mar 16 15:25:35 localhost kernel: [    0.008000] Initializing cgroup subsys cpuacct
Mar 16 15:25:35 localhost kernel: [    0.008000] Initializing cgroup subsys memory
Mar 16 15:25:35 localhost kernel: [    0.008024] Initializing cgroup subsys devices
Mar 16 15:25:35 localhost kernel: [    0.008397] Initializing cgroup subsys freezer
Mar 16 15:25:35 localhost kernel: [    0.008731] Initializing cgroup subsys blkio
Mar 16 15:25:35 localhost kernel: [    0.009077] Initializing cgroup subsys perf_event
Mar 16 15:25:35 localhost kernel: [    0.009513] mce: CPU supports 10 MCE banks
Mar 16 15:25:35 localhost kernel: [    0.010829] SMP alternatives: switching to UP code
Mar 16 15:25:35 localhost kernel: [    0.034124] Freeing SMP alternatives: 24k freed
Mar 16 15:25:35 localhost kernel: [    0.034501] ACPI: Core revision 20110623
Mar 16 15:25:35 localhost kernel: [    0.036047] ftrace: allocating 26586 entries in 53 pages
Mar 16 15:25:35 localhost kernel: [    0.040180] Enabling APIC mode:  Flat.  Using 1 I/O APICs
Mar 16 15:25:35 localhost kernel: [    0.041900] ..TIMER: vector=0x30 apic1=0 pin1=2 apic2=-1 pin2=-1
Mar 16 15:25:35 localhost kernel: [    0.042286] CPU0: Intel QEMU Virtual CPU version 1.0 stepping 03
Mar 16 15:25:35 localhost kernel: [    0.048002] Performance Events: unsupported p6 CPU model 2 no PMU driver, software events only.
Mar 16 15:25:35 localhost kernel: [    0.048002] NMI watchdog disabled (cpu0): hardware events not enabled
Mar 16 15:25:35 localhost kernel: [    0.048002] Brought up 1 CPUs
Mar 16 15:25:35 localhost kernel: [    0.048002] Total of 1 processors activated (4599.99 BogoMIPS).
Mar 16 15:25:35 localhost kernel: [    0.048002] devtmpfs: initialized
Mar 16 15:25:35 localhost kernel: [    0.048002] EVM: security.selinux
Mar 16 15:25:35 localhost kernel: [    0.048002] EVM: security.SMACK64
Mar 16 15:25:35 localhost kernel: [    0.048008] EVM: security.capability
Mar 16 15:25:35 localhost kernel: [    0.049448] print_constraints: dummy: 
Mar 16 15:25:35 localhost kernel: [    0.049828] RTC time: 15:25:31, date: 03/16/14
Mar 16 15:25:35 localhost kernel: [    0.050198] NET: Registered protocol family 16
Mar 16 15:25:35 localhost kernel: [    0.050654] EISA bus registered
Mar 16 15:25:35 localhost kernel: [    0.050996] ACPI: bus type pci registered
Mar 16 15:25:35 localhost kernel: [    0.051482] PCI : PCI BIOS aera is rw and x. Use pci=nobios if you want it NX.
Mar 16 15:25:35 localhost kernel: [    0.052011] PCI: PCI BIOS revision 2.10 entry at 0xfc89d, last bus=0
Mar 16 15:25:35 localhost kernel: [    0.052382] PCI: Using configuration type 1 for base access
Mar 16 15:25:35 localhost kernel: [    0.053773] bio: create slab <bio-0> at 0
Mar 16 15:25:35 localhost kernel: [    0.054245] ACPI: Added _OSI(Module Device)
Mar 16 15:25:35 localhost kernel: [    0.054577] ACPI: Added _OSI(Processor Device)
Mar 16 15:25:35 localhost kernel: [    0.054903] ACPI: Added _OSI(3.0 _SCP Extensions)
Mar 16 15:25:35 localhost kernel: [    0.055234] ACPI: Added _OSI(Processor Aggregator Device)
Mar 16 15:25:35 localhost kernel: [    0.056169] ACPI: EC: Look up EC in DSDT
Mar 16 15:25:35 localhost kernel: [    0.057782] ACPI: Interpreter enabled
Mar 16 15:25:35 localhost kernel: [    0.058105] ACPI: (supports S0 S3 S4 S5)
Mar 16 15:25:35 localhost kernel: [    0.058644] ACPI: Using IOAPIC for interrupt routing
Mar 16 15:25:35 localhost kernel: [    0.063888] ACPI: No dock devices found.
Mar 16 15:25:35 localhost kernel: [    0.064008] HEST: Table not found.
Mar 16 15:25:35 localhost kernel: [    0.064486] PCI: Ignoring host bridge windows from ACPI; if necessary, use "pci=use_crs" and report a bug
Mar 16 15:25:35 localhost kernel: [    0.065507] ACPI: PCI Root Bridge [PCI0] (domain 0000 [bus 00-ff])
Mar 16 15:25:35 localhost kernel: [    0.066184] pci_root PNP0A03:00: host bridge window [io  0x0000-0x0cf7] (ignored)
Mar 16 15:25:35 localhost kernel: [    0.066188] pci_root PNP0A03:00: host bridge window [io  0x0d00-0xffff] (ignored)
Mar 16 15:25:35 localhost kernel: [    0.066192] pci_root PNP0A03:00: host bridge window [mem 0x000a0000-0x000bffff] (ignored)
Mar 16 15:25:35 localhost kernel: [    0.066196] pci_root PNP0A03:00: host bridge window [mem 0xe0000000-0xfebfffff] (ignored)
Mar 16 15:25:35 localhost kernel: [    0.066260] pci 0000:00:00.0: [8086:1237] type 0 class 0x000600
Mar 16 15:25:35 localhost kernel: [    0.066634] pci 0000:00:01.0: [8086:7000] type 0 class 0x000601
Mar 16 15:25:35 localhost kernel: [    0.067161] pci 0000:00:01.1: [8086:7010] type 0 class 0x000101
Mar 16 15:25:35 localhost kernel: [    0.068244] pci 0000:00:01.1: reg 20: [io  0xc060-0xc06f]
Mar 16 15:25:35 localhost kernel: [    0.068631] pci 0000:00:01.3: [8086:7113] type 0 class 0x000680
Mar 16 15:25:35 localhost kernel: [    0.069113] pci 0000:00:01.3: quirk: [io  0xb000-0xb03f] claimed by PIIX4 ACPI
Mar 16 15:25:35 localhost kernel: [    0.070075] pci 0000:00:01.3: quirk: [io  0xb100-0xb10f] claimed by PIIX4 SMB
Mar 16 15:25:35 localhost kernel: [    0.070883] pci 0000:00:02.0: [15ad:0405] type 0 class 0x000300
Mar 16 15:25:35 localhost kernel: [    0.072605] pci 0000:00:02.0: reg 10: [io  0xc070-0xc07f]
Mar 16 15:25:35 localhost kernel: [    0.076065] pci 0000:00:02.0: reg 14: [mem 0xfd000000-0xfdffffff pref]
Mar 16 15:25:35 localhost kernel: [    0.077282] pci 0000:00:02.0: reg 18: [mem 0xfe000000-0xfe00ffff pref]
Mar 16 15:25:35 localhost kernel: [    0.083132] pci 0000:00:02.0: reg 30: [mem 0xfebe0000-0xfebeffff pref]
Mar 16 15:25:35 localhost kernel: [    0.083327] pci 0000:00:03.0: [1af4:1000] type 0 class 0x000200
Mar 16 15:25:35 localhost kernel: [    0.083466] pci 0000:00:03.0: reg 10: [io  0xc040-0xc05f]
Mar 16 15:25:35 localhost kernel: [    0.083564] pci 0000:00:03.0: reg 14: [mem 0xfebf0000-0xfebf0fff]
Mar 16 15:25:35 localhost kernel: [    0.084457] pci 0000:00:04.0: [1af4:1001] type 0 class 0x000100
Mar 16 15:25:35 localhost kernel: [    0.085605] pci 0000:00:04.0: reg 10: [io  0xc000-0xc03f]
Mar 16 15:25:35 localhost kernel: [    0.086235] pci 0000:00:04.0: reg 14: [mem 0xfebf1000-0xfebf1fff]
Mar 16 15:25:35 localhost kernel: [    0.088032] pci_bus 0000:00: on NUMA node 0
Mar 16 15:25:35 localhost kernel: [    0.088072] ACPI: PCI Interrupt Routing Table [\_SB_.PCI0._PRT]
Mar 16 15:25:35 localhost kernel: [    0.088661]  pci0000:00: Unable to request _OSC control (_OSC support mask: 0x1e)
Mar 16 15:25:35 localhost kernel: [    0.092811] ACPI: PCI Interrupt Link [LNKA] (IRQs 5 *10 11)
Mar 16 15:25:35 localhost kernel: [    0.093757] ACPI: PCI Interrupt Link [LNKB] (IRQs 5 *10 11)
Mar 16 15:25:35 localhost kernel: [    0.094374] ACPI: PCI Interrupt Link [LNKC] (IRQs 5 10 *11)
Mar 16 15:25:35 localhost kernel: [    0.094984] ACPI: PCI Interrupt Link [LNKD] (IRQs 5 10 *11)
Mar 16 15:25:35 localhost kernel: [    0.095595] ACPI: PCI Interrupt Link [LNKS] (IRQs 9) *0
Mar 16 15:25:35 localhost kernel: [    0.096369] vgaarb: device added: PCI:0000:00:02.0,decodes=io+mem,owns=io+mem,locks=none
Mar 16 15:25:35 localhost kernel: [    0.096887] vgaarb: loaded
Mar 16 15:25:35 localhost kernel: [    0.097132] vgaarb: bridge control possible 0000:00:02.0
Mar 16 15:25:35 localhost kernel: [    0.097591] i2c-core: driver [aat2870] using legacy suspend method
Mar 16 15:25:35 localhost kernel: [    0.097924] i2c-core: driver [aat2870] using legacy resume method
Mar 16 15:25:35 localhost kernel: [    0.098419] SCSI subsystem initialized
Mar 16 15:25:35 localhost kernel: [    0.098860] libata version 3.00 loaded.
Mar 16 15:25:35 localhost kernel: [    0.098946] usbcore: registered new interface driver usbfs
Mar 16 15:25:35 localhost kernel: [    0.099277] usbcore: registered new interface driver hub
Mar 16 15:25:35 localhost kernel: [    0.099629] usbcore: registered new device driver usb
Mar 16 15:25:35 localhost kernel: [    0.100146] PCI: Using ACPI for IRQ routing
Mar 16 15:25:35 localhost kernel: [    0.100446] PCI: pci_cache_line_size set to 64 bytes
Mar 16 15:25:35 localhost kernel: [    0.100558] reserve RAM buffer: 000000000009dc00 - 000000000009ffff 
Mar 16 15:25:35 localhost kernel: [    0.100563] reserve RAM buffer: 000000001fffd000 - 000000001fffffff 
Mar 16 15:25:35 localhost kernel: [    0.100758] NetLabel: Initializing
Mar 16 15:25:35 localhost kernel: [    0.101033] NetLabel:  domain hash size = 128
Mar 16 15:25:35 localhost kernel: [    0.101346] NetLabel:  protocols = UNLABELED CIPSOv4
Mar 16 15:25:35 localhost kernel: [    0.101667] NetLabel:  unlabeled traffic allowed by default
Mar 16 15:25:35 localhost kernel: [    0.102070] HPET: 3 timers in total, 0 timers will be used for per-cpu timer
Mar 16 15:25:35 localhost kernel: [    0.102624] hpet0: at MMIO 0xfed00000, IRQs 2, 8, 0
Mar 16 15:25:35 localhost kernel: [    0.103106] hpet0: 3 comparators, 64-bit 100.000000 MHz counter
Mar 16 15:25:35 localhost kernel: [    0.108109] Switching to clocksource kvm-clock
Mar 16 15:25:35 localhost kernel: [    0.116716] AppArmor: AppArmor Filesystem Enabled
Mar 16 15:25:35 localhost kernel: [    0.117094] pnp: PnP ACPI init
Mar 16 15:25:35 localhost kernel: [    0.117382] ACPI: bus type pnp registered
Mar 16 15:25:35 localhost kernel: [    0.117701] pnp 00:00: [bus 00-ff]
Mar 16 15:25:35 localhost kernel: [    0.117704] pnp 00:00: [io  0x0cf8-0x0cff]
Mar 16 15:25:35 localhost kernel: [    0.117706] pnp 00:00: [io  0x0000-0x0cf7 window]
Mar 16 15:25:35 localhost kernel: [    0.117707] pnp 00:00: [io  0x0d00-0xffff window]
Mar 16 15:25:35 localhost kernel: [    0.117709] pnp 00:00: [mem 0x000a0000-0x000bffff window]
Mar 16 15:25:35 localhost kernel: [    0.117711] pnp 00:00: [mem 0xe0000000-0xfebfffff window]
Mar 16 15:25:35 localhost kernel: [    0.117770] pnp 00:00: Plug and Play ACPI device, IDs PNP0a03 (active)
Mar 16 15:25:35 localhost kernel: [    0.117807] pnp 00:01: [io  0x0070-0x0071]
Mar 16 15:25:35 localhost kernel: [    0.117840] pnp 00:01: [irq 8]
Mar 16 15:25:35 localhost kernel: [    0.117842] pnp 00:01: [io  0x0072-0x0077]
Mar 16 15:25:35 localhost kernel: [    0.117867] pnp 00:01: Plug and Play ACPI device, IDs PNP0b00 (active)
Mar 16 15:25:35 localhost kernel: [    0.117902] pnp 00:02: [io  0x0060]
Mar 16 15:25:35 localhost kernel: [    0.117904] pnp 00:02: [io  0x0064]
Mar 16 15:25:35 localhost kernel: [    0.117919] pnp 00:02: [irq 1]
Mar 16 15:25:35 localhost kernel: [    0.117950] pnp 00:02: Plug and Play ACPI device, IDs PNP0303 (active)
Mar 16 15:25:35 localhost kernel: [    0.117983] pnp 00:03: [irq 12]
Mar 16 15:25:35 localhost kernel: [    0.118006] pnp 00:03: Plug and Play ACPI device, IDs PNP0f13 (active)
Mar 16 15:25:35 localhost kernel: [    0.118024] pnp 00:04: [io  0x03f2-0x03f5]
Mar 16 15:25:35 localhost kernel: [    0.118026] pnp 00:04: [io  0x03f7]
Mar 16 15:25:35 localhost kernel: [    0.118040] pnp 00:04: [irq 6]
Mar 16 15:25:35 localhost kernel: [    0.118042] pnp 00:04: [dma 2]
Mar 16 15:25:35 localhost kernel: [    0.118072] pnp 00:04: Plug and Play ACPI device, IDs PNP0700 (active)
Mar 16 15:25:35 localhost kernel: [    0.118125] pnp 00:05: [io  0x0378-0x037f]
Mar 16 15:25:35 localhost kernel: [    0.118140] pnp 00:05: [irq 7]
Mar 16 15:25:35 localhost kernel: [    0.118165] pnp 00:05: Plug and Play ACPI device, IDs PNP0400 (active)
Mar 16 15:25:35 localhost kernel: [    0.118204] pnp 00:06: [io  0x03f8-0x03ff]
Mar 16 15:25:35 localhost kernel: [    0.118218] pnp 00:06: [irq 4]
Mar 16 15:25:35 localhost kernel: [    0.118250] pnp 00:06: Plug and Play ACPI device, IDs PNP0501 (active)
Mar 16 15:25:35 localhost kernel: [    0.118291] pnp 00:07: [io  0x02f8-0x02ff]
Mar 16 15:25:35 localhost kernel: [    0.118306] pnp 00:07: [irq 3]
Mar 16 15:25:35 localhost kernel: [    0.118344] pnp 00:07: Plug and Play ACPI device, IDs PNP0501 (active)
Mar 16 15:25:35 localhost kernel: [    0.118383] pnp 00:08: [mem 0xfed00000-0xfed003ff]
Mar 16 15:25:35 localhost kernel: [    0.118414] pnp 00:08: Plug and Play ACPI device, IDs PNP0103 (active)
Mar 16 15:25:35 localhost kernel: [    0.118527] pnp: PnP ACPI: found 9 devices
Mar 16 15:25:35 localhost kernel: [    0.118812] ACPI: ACPI bus type pnp unregistered
Mar 16 15:25:35 localhost kernel: [    0.119107] PnPBIOS: Disabled
Mar 16 15:25:35 localhost kernel: [    0.157449] PCI: max bus depth: 0 pci_try_num: 1
Mar 16 15:25:35 localhost kernel: [    0.157465] pci_bus 0000:00: resource 0 [io  0x0000-0xffff]
Mar 16 15:25:35 localhost kernel: [    0.157467] pci_bus 0000:00: resource 1 [mem 0x00000000-0xffffffffff]
Mar 16 15:25:35 localhost kernel: [    0.157546] NET: Registered protocol family 2
Mar 16 15:25:35 localhost kernel: [    0.157931] IP route cache hash table entries: 4096 (order: 2, 16384 bytes)
Mar 16 15:25:35 localhost kernel: [    0.158517] TCP established hash table entries: 16384 (order: 5, 131072 bytes)
Mar 16 15:25:35 localhost kernel: [    0.159142] TCP bind hash table entries: 16384 (order: 5, 131072 bytes)
Mar 16 15:25:35 localhost kernel: [    0.159599] TCP: Hash tables configured (established 16384 bind 16384)
Mar 16 15:25:35 localhost kernel: [    0.159935] TCP reno registered
Mar 16 15:25:35 localhost kernel: [    0.160215] UDP hash table entries: 256 (order: 1, 8192 bytes)
Mar 16 15:25:35 localhost kernel: [    0.160544] UDP-Lite hash table entries: 256 (order: 1, 8192 bytes)
Mar 16 15:25:35 localhost kernel: [    0.160956] NET: Registered protocol family 1
Mar 16 15:25:35 localhost kernel: [    0.161265] pci 0000:00:00.0: Limiting direct PCI/PCI transfers
Mar 16 15:25:35 localhost kernel: [    0.161601] pci 0000:00:01.0: PIIX3: Enabling Passive Release
Mar 16 15:25:35 localhost kernel: [    0.161933] pci 0000:00:01.0: Activating ISA DMA hang workarounds
Mar 16 15:25:35 localhost kernel: [    0.162287] pci 0000:00:02.0: Boot video device
Mar 16 15:25:35 localhost kernel: [    0.162308] PCI: CLS 0 bytes, default 64
Mar 16 15:25:35 localhost kernel: [    0.162720] audit: initializing netlink socket (disabled)
Mar 16 15:25:35 localhost kernel: [    0.163067] type=2000 audit(1394983532.160:1): initialized
Mar 16 15:25:35 localhost kernel: [    0.184118] Trying to unpack rootfs image as initramfs...
Mar 16 15:25:35 localhost kernel: [    0.216121] HugeTLB registered 2 MB page size, pre-allocated 0 pages
Mar 16 15:25:35 localhost kernel: [    0.218614] VFS: Disk quotas dquot_6.5.2
Mar 16 15:25:35 localhost kernel: [    0.218969] Dquot-cache hash table entries: 1024 (order 0, 4096 bytes)
Mar 16 15:25:35 localhost kernel: [    0.219860] fuse init (API version 7.17)
Mar 16 15:25:35 localhost kernel: [    0.220274] msgmni has been set to 980
Mar 16 15:25:35 localhost kernel: [    0.236265] Block layer SCSI generic (bsg) driver version 0.4 loaded (major 253)
Mar 16 15:25:35 localhost kernel: [    0.236885] io scheduler noop registered
Mar 16 15:25:35 localhost kernel: [    0.237329] io scheduler deadline registered
Mar 16 15:25:35 localhost kernel: [    0.237698] io scheduler cfq registered (default)
Mar 16 15:25:35 localhost kernel: [    0.238114] pci_hotplug: PCI Hot Plug PCI Core version: 0.5
Mar 16 15:25:35 localhost kernel: [    0.238457] pciehp: PCI Express Hot Plug Controller Driver version: 0.4
Mar 16 15:25:35 localhost kernel: [    0.238976] input: Power Button as /devices/LNXSYSTM:00/LNXPWRBN:00/input/input0
Mar 16 15:25:35 localhost kernel: [    0.239488] ACPI: Power Button [PWRF]
Mar 16 15:25:35 localhost kernel: [    0.240707] ERST: Table is not found!
Mar 16 15:25:35 localhost kernel: [    0.240998] GHES: HEST is not enabled!
Mar 16 15:25:35 localhost kernel: [    0.248510] ACPI: PCI Interrupt Link [LNKC] enabled at IRQ 11
Mar 16 15:25:35 localhost kernel: [    0.248879] virtio-pci 0000:00:03.0: PCI INT A -> Link[LNKC] -> GSI 11 (level, high) -> IRQ 11
Mar 16 15:25:35 localhost kernel: [    0.249539] virtio-pci 0000:00:03.0: setting latency timer to 64
Mar 16 15:25:35 localhost kernel: [    0.249747] ACPI: PCI Interrupt Link [LNKD] enabled at IRQ 10
Mar 16 15:25:35 localhost kernel: [    0.250080] virtio-pci 0000:00:04.0: PCI INT A -> Link[LNKD] -> GSI 10 (level, high) -> IRQ 10
Mar 16 15:25:35 localhost kernel: [    0.250625] virtio-pci 0000:00:04.0: setting latency timer to 64
Mar 16 15:25:35 localhost kernel: [    0.252063] isapnp: Scanning for PnP cards...
Mar 16 15:25:35 localhost kernel: [    0.258049] Serial: 8250/16550 driver, 32 ports, IRQ sharing enabled
Mar 16 15:25:35 localhost kernel: [    0.279842] serial8250: ttyS0 at I/O 0x3f8 (irq = 4) is a 16550A
Mar 16 15:25:35 localhost kernel: [    0.365473] serial8250: ttyS1 at I/O 0x2f8 (irq = 3) is a 16550A
Mar 16 15:25:35 localhost kernel: [    0.455067] 00:06: ttyS0 at I/O 0x3f8 (irq = 4) is a 16550A
Mar 16 15:25:35 localhost kernel: [    0.472044] Freeing initrd memory: 4836k freed
Mar 16 15:25:35 localhost kernel: [    0.495226] 00:07: ttyS1 at I/O 0x2f8 (irq = 3) is a 16550A
Mar 16 15:25:35 localhost kernel: [    0.540186] Linux agpgart interface v0.103
Mar 16 15:25:35 localhost kernel: [    0.541814] brd: module loaded
Mar 16 15:25:35 localhost kernel: [    0.542778] loop: module loaded
Mar 16 15:25:35 localhost kernel: [    0.543211] virtio-pci 0000:00:04.0: irq 40 for MSI/MSI-X
Mar 16 15:25:35 localhost kernel: [    0.543227] virtio-pci 0000:00:04.0: irq 41 for MSI/MSI-X
Mar 16 15:25:35 localhost kernel: [    0.838251] isapnp: No Plug & Play device found
Mar 16 15:25:35 localhost kernel: [    0.893587]  vda: unknown partition table
Mar 16 15:25:35 localhost kernel: [    0.896229] ata_piix 0000:00:01.1: version 2.13
Mar 16 15:25:35 localhost kernel: [    0.896332] ata_piix 0000:00:01.1: setting latency timer to 64
Mar 16 15:25:35 localhost kernel: [    0.896751] scsi0 : ata_piix
Mar 16 15:25:35 localhost kernel: [    0.897153] scsi1 : ata_piix
Mar 16 15:25:35 localhost kernel: [    0.897471] ata1: PATA max MWDMA2 cmd 0x1f0 ctl 0x3f6 bmdma 0xc060 irq 14
Mar 16 15:25:35 localhost kernel: [    0.897813] ata2: PATA max MWDMA2 cmd 0x170 ctl 0x376 bmdma 0xc068 irq 15
Mar 16 15:25:35 localhost kernel: [    0.898709] Fixed MDIO Bus: probed
Mar 16 15:25:35 localhost kernel: [    0.899013] tun: Universal TUN/TAP device driver, 1.6
Mar 16 15:25:35 localhost kernel: [    0.899319] tun: (C) 1999-2004 Max Krasnyansky <maxk@qualcomm.com>
Mar 16 15:25:35 localhost kernel: [    0.899993] virtio-pci 0000:00:03.0: irq 42 for MSI/MSI-X
Mar 16 15:25:35 localhost kernel: [    0.900042] virtio-pci 0000:00:03.0: irq 43 for MSI/MSI-X
Mar 16 15:25:35 localhost kernel: [    0.900057] virtio-pci 0000:00:03.0: irq 44 for MSI/MSI-X
Mar 16 15:25:35 localhost kernel: [    1.053607] PPP generic driver version 2.4.2
Mar 16 15:25:35 localhost kernel: [    1.054390] ehci_hcd: USB 2.0 'Enhanced' Host Controller (EHCI) Driver
Mar 16 15:25:35 localhost kernel: [    1.055062] ohci_hcd: USB 1.1 'Open' Host Controller (OHCI) Driver
Mar 16 15:25:35 localhost kernel: [    1.055715] uhci_hcd: USB Universal Host Controller Interface driver
Mar 16 15:25:35 localhost kernel: [    1.056480] usbcore: registered new interface driver libusual
Mar 16 15:25:35 localhost kernel: [    1.057210] i8042: PNP: PS/2 Controller [PNP0303:KBD,PNP0f13:MOU] at 0x60,0x64 irq 1,12
Mar 16 15:25:35 localhost kernel: [    1.059176] serio: i8042 KBD port at 0x60,0x64 irq 1
Mar 16 15:25:35 localhost kernel: [    1.059768] serio: i8042 AUX port at 0x60,0x64 irq 12
Mar 16 15:25:35 localhost kernel: [    1.060580] mousedev: PS/2 mouse device common for all mice
Mar 16 15:25:35 localhost kernel: [    1.061439] rtc_cmos 00:01: RTC can wake from S4
Mar 16 15:25:35 localhost kernel: [    1.062319] rtc_cmos 00:01: rtc core: registered rtc_cmos as rtc0
Mar 16 15:25:35 localhost kernel: [    1.063099] rtc0: alarms up to one day, 114 bytes nvram, hpet irqs
Mar 16 15:25:35 localhost kernel: [    1.063832] device-mapper: uevent: version 1.0.3
Mar 16 15:25:35 localhost kernel: [    1.064558] device-mapper: ioctl: 4.22.0-ioctl (2011-10-19) initialised: dm-devel@redhat.com
Mar 16 15:25:35 localhost kernel: [    1.065681] EISA: Probing bus 0 at eisa.0
Mar 16 15:25:35 localhost kernel: [    1.066334] EISA: Detected 0 cards.
Mar 16 15:25:35 localhost kernel: [    1.066865] cpufreq-nforce2: No nForce2 chipset.
Mar 16 15:25:35 localhost kernel: [    1.067422] cpuidle: using governor ladder
Mar 16 15:25:35 localhost kernel: [    1.067949] cpuidle: using governor menu
Mar 16 15:25:35 localhost kernel: [    1.068512] EFI Variables Facility v0.08 2004-May-17
Mar 16 15:25:35 localhost kernel: [    1.069412] TCP cubic registered
Mar 16 15:25:35 localhost kernel: [    1.070174] NET: Registered protocol family 10
Mar 16 15:25:35 localhost kernel: [    1.071681] NET: Registered protocol family 17
Mar 16 15:25:35 localhost kernel: [    1.072304] Registering the dns_resolver key type
Mar 16 15:25:35 localhost kernel: [    1.072937] Using IPI No-Shortcut mode
Mar 16 15:25:35 localhost kernel: [    1.073652] PM: Hibernation image not present or could not be loaded.
Mar 16 15:25:35 localhost kernel: [    1.073685] registered taskstats version 1
Mar 16 15:25:35 localhost kernel: [    1.077540] input: AT Translated Set 2 keyboard as /devices/platform/i8042/serio0/input/input1
Mar 16 15:25:35 localhost kernel: [    1.084524]   Magic number: 6:149:437
Mar 16 15:25:35 localhost kernel: [    1.085276] rtc_cmos 00:01: setting system clock to 2014-03-16 15:25:32 UTC (1394983532)
Mar 16 15:25:35 localhost kernel: [    1.086271] BIOS EDD facility v0.16 2004-Jun-25, 0 devices found
Mar 16 15:25:35 localhost kernel: [    1.086885] EDD information not available.
Mar 16 15:25:35 localhost kernel: [    1.092580] ata2.01: NODEV after polling detection
Mar 16 15:25:35 localhost kernel: [    1.093007] ata2.00: ATAPI: QEMU DVD-ROM, 1.0, max UDMA/100
Mar 16 15:25:35 localhost kernel: [    1.094266] ata2.00: configured for MWDMA2
Mar 16 15:25:35 localhost kernel: [    1.095490] scsi 1:0:0:0: CD-ROM            QEMU     QEMU DVD-ROM     1.0  PQ: 0 ANSI: 5
Mar 16 15:25:35 localhost kernel: [    1.097574] sr0: scsi3-mmc drive: 4x/4x cd/rw xa/form2 tray
Mar 16 15:25:35 localhost kernel: [    1.098180] cdrom: Uniform CD-ROM driver Revision: 3.20
Mar 16 15:25:35 localhost kernel: [    1.098950] sr 1:0:0:0: Attached scsi CD-ROM sr0
Mar 16 15:25:35 localhost kernel: [    1.099244] sr 1:0:0:0: Attached scsi generic sg0 type 5
Mar 16 15:25:35 localhost kernel: [    1.099988] Freeing unused kernel memory: 736k freed
Mar 16 15:25:35 localhost kernel: [    1.101173] Write protecting the kernel text: 5824k
Mar 16 15:25:35 localhost kernel: [    1.101804] Write protecting the kernel read-only data: 2376k
Mar 16 15:25:35 localhost kernel: [    1.102395] NX-protecting the kernel data: 5440k
Mar 16 15:25:35 localhost kernel: [    1.160081] Refined TSC clocksource calibration: 2300.013 MHz.
Mar 16 15:25:35 localhost kernel: [    1.292357] FDC 0 is a S82078B
Mar 16 15:25:35 localhost kernel: [    2.629026] EXT4-fs (vda): mounted filesystem with ordered data mode. Opts: (null)
Mar 16 15:25:35 localhost kernel: [    3.353188] ADDRCONF(NETDEV_UP): eth0: link is not ready
Mar 16 15:25:35 localhost kernel: [    3.367497] EXT4-fs (vda): re-mounted. Opts: errors=remount-ro,barrier=0
Mar 16 15:25:35 localhost kernel: [    3.651187] parport_pc 00:05: reported by Plug and Play ACPI
Mar 16 15:25:35 localhost kernel: [    3.651285] parport0: PC-style at 0x378, irq 7 [PCSPP,TRISTATE]
Mar 16 15:25:35 localhost kernel: [    4.075452] input: ImExPS/2 Generic Explorer Mouse as /devices/platform/i8042/serio1/input/input2
Mar 16 15:25:35 localhost kernel: [    4.240665] ppdev: user-space parallel port driver
Mar 16 15:25:35 localhost kernel: [    4.255742] init: failsafe main process (548) killed by TERM signal
Mar 16 15:25:35 localhost kernel: [    4.522152] init: udev-fallback-graphics main process (615) terminated with status 1
Mar 16 15:25:46 localhost kernel: [   13.944064] eth0: no IPv6 routers present
Mar 16 15:25:58 localhost kernel: [   26.074617] init: plymouth-upstart-bridge main process (473) killed by TERM signal
